[2026-09-09 15:55:48] Sync pair dataset train: 32/1024
[2026-09-09 15:55:53] Sync pair dataset train: 64/1024
[2026-09-09 15:56:00] Sync pair dataset train: 96/1024
[2026-09-09 15:56:07] Sync pair dataset train: 128/1024
[2026-09-09 15:56:12] Sync pair dataset train: 160/1024
[2026-09-09 15:56:18] Sync pair dataset train: 192/1024
[2026-09-09 15:56:28] Sync pair dataset train: 224/1024
[2026-09-09 15:56:37] Sync pair dataset train: 256/1024
[2026-09-09 15:56:45] Sync pair dataset train: 288/1024
[2026-09-09 15:56:53] Sync pair dataset train: 320/1024
[2026-09-09 15:57:01] Sync pair dataset train: 352/1024
[2026-09-09 15:57:09] Sync pair dataset train: 384/1024
[2026-09-09 15:57:17] Sync pair dataset train: 416/1024
[2026-09-09 15:57:25] Sync pair dataset train: 448/1024
[2026-09-09 15:57:35] Sync pair dataset train: 480/1024
[2026-09-09 15:57:44] Sync pair dataset train: 512/1024
[2026-09-09 15:57:52] Sync pair dataset train: 544/1024
[2026-09-09 15:58:00] Sync pair dataset train: 576/1024
[2026-09-09 15:58:07] Sync pair dataset train: 608/1024
[2026-09-09 15:58:14] Sync pair dataset train: 640/1024
[2026-09-09 15:58:24] Sync pair dataset train: 672/1024
[2026-09-09 15:58:32] Sync pair dataset train: 704/1024
[2026-09-09 15:58:40] Sync pair dataset train: 736/1024
[2026-09-09 15:58:48] Sync pair dataset train: 768/1024
[2026-09-09 15:58:57] Sync pair dataset train: 800/1024
[2026-09-09 15:59:06] Sync pair dataset train: 832/1024
[2026-09-09 15:59:14] Sync pair dataset train: 864/1024
[2026-09-09 15:59:22] Sync pair dataset train: 896/1024
[2026-09-09 15:59:30] Sync pair dataset train: 928/1024
[2026-09-09 15:59:37] Sync pair dataset train: 960/1024
[2026-09-09 15:59:45] Sync pair dataset train: 992/1024
[2026-09-09 15:59:52] Sync pair dataset train: 1024/1024
[2026-09-09 16:00:00] Sync pair dataset validation: 32/128
[2026-09-09 16:00:09] Sync pair dataset validation: 64/128
[2026-09-09 16:00:16] Sync pair dataset validation: 96/128
[2026-09-09 16:00:23] Sync pair dataset validation: 128/128
[2026-09-09 16:00:30] Sync pair dataset test: 32/128
[2026-09-09 16:00:34] Sync pair dataset test: 64/128
[2026-09-09 16:00:40] Sync pair dataset test: 96/128
[2026-09-09 16:00:48] Sync pair dataset test: 128/128
[2026-09-09 16:00:54] Stage A full28_diagonal 16/1024 loss=1.632757
[2026-09-09 16:00:59] Stage A full28_diagonal 32/1024 loss=1.439495
[2026-09-09 16:01:04] Stage A full28_diagonal 48/1024 loss=1.282632
[2026-09-09 16:01:09] Stage A full28_diagonal 64/1024 loss=0.956094
[2026-09-09 16:01:14] Stage A full28_diagonal 80/1024 loss=0.958030
[2026-09-09 16:01:18] Stage A full28_diagonal 96/1024 loss=1.005915
[2026-09-09 16:01:23] Stage A full28_diagonal 112/1024 loss=1.013458
[2026-09-09 16:01:28] Stage A full28_diagonal 128/1024 loss=0.837508
[2026-09-09 16:01:30] Stage A full28_diagonal validation step=128 rep=0.938623
[2026-09-09 16:01:35] Stage A full28_diagonal 144/1024 loss=0.968664
[2026-09-09 16:01:39] Stage A full28_diagonal 160/1024 loss=1.001300
[2026-09-09 16:01:44] Stage A full28_diagonal 176/1024 loss=0.797253
[2026-09-09 16:01:49] Stage A full28_diagonal 192/1024 loss=0.939519
[2026-09-09 16:01:53] Stage A full28_diagonal 208/1024 loss=0.964463
[2026-09-09 16:01:58] Stage A full28_diagonal 224/1024 loss=0.932738
[2026-09-09 16:02:03] Stage A full28_diagonal 240/1024 loss=0.800752
[2026-09-09 16:02:08] Stage A full28_diagonal 256/1024 loss=0.870713
[2026-09-09 16:02:10] Stage A full28_diagonal validation step=256 rep=0.830318
[2026-09-09 16:02:14] Stage A full28_diagonal 272/1024 loss=0.749924
[2026-09-09 16:02:19] Stage A full28_diagonal 288/1024 loss=0.724663
[2026-09-09 16:02:24] Stage A full28_diagonal 304/1024 loss=0.760707
[2026-09-09 16:02:29] Stage A full28_diagonal 320/1024 loss=0.766989
[2026-09-09 16:02:33] Stage A full28_diagonal 336/1024 loss=0.864804
[2026-09-09 16:02:38] Stage A full28_diagonal 352/1024 loss=0.830013
[2026-09-09 16:02:43] Stage A full28_diagonal 368/1024 loss=0.876286
[2026-09-09 16:02:47] Stage A full28_diagonal 384/1024 loss=0.766096
[2026-09-09 16:02:50] Stage A full28_diagonal validation step=384 rep=0.780746
[2026-09-09 16:02:55] Stage A full28_diagonal 400/1024 loss=0.875318
[2026-09-09 16:03:01] Stage A full28_diagonal 416/1024 loss=0.768188
[2026-09-09 16:03:06] Stage A full28_diagonal 432/1024 loss=0.754580
[2026-09-09 16:03:11] Stage A full28_diagonal 448/1024 loss=0.791369
[2026-09-09 16:03:15] Stage A full28_diagonal 464/1024 loss=0.720479
[2026-09-09 16:03:20] Stage A full28_diagonal 480/1024 loss=0.668119
[2026-09-09 16:03:25] Stage A full28_diagonal 496/1024 loss=0.704299
[2026-09-09 16:03:29] Stage A full28_diagonal 512/1024 loss=0.800855
[2026-09-09 16:03:31] Stage A full28_diagonal validation step=512 rep=0.753525
[2026-09-09 16:03:36] Stage A full28_diagonal 528/1024 loss=0.666230
[2026-09-09 16:03:41] Stage A full28_diagonal 544/1024 loss=0.778724
[2026-09-09 16:03:45] Stage A full28_diagonal 560/1024 loss=0.660154
[2026-09-09 16:03:50] Stage A full28_diagonal 576/1024 loss=0.771341
[2026-09-09 16:03:55] Stage A full28_diagonal 592/1024 loss=0.650821
[2026-09-09 16:04:01] Stage A full28_diagonal 608/1024 loss=0.641076
[2026-09-09 16:04:06] Stage A full28_diagonal 624/1024 loss=0.760381
[2026-09-09 16:04:10] Stage A full28_diagonal 640/1024 loss=0.814030
[2026-09-09 16:04:13] Stage A full28_diagonal validation step=640 rep=0.736833
[2026-09-09 16:04:17] Stage A full28_diagonal 656/1024 loss=0.594330
[2026-09-09 16:04:22] Stage A full28_diagonal 672/1024 loss=0.706453
[2026-09-09 16:04:27] Stage A full28_diagonal 688/1024 loss=0.642637
[2026-09-09 16:04:31] Stage A full28_diagonal 704/1024 loss=0.650586
[2026-09-09 16:04:36] Stage A full28_diagonal 720/1024 loss=0.747763
[2026-09-09 16:04:41] Stage A full28_diagonal 736/1024 loss=0.691271
[2026-09-09 16:04:45] Stage A full28_diagonal 752/1024 loss=0.684684
[2026-09-09 16:04:50] Stage A full28_diagonal 768/1024 loss=0.605693
[2026-09-09 16:04:52] Stage A full28_diagonal validation step=768 rep=0.725219
[2026-09-09 16:04:57] Stage A full28_diagonal 784/1024 loss=0.666205
[2026-09-09 16:05:01] Stage A full28_diagonal 800/1024 loss=0.653220
[2026-09-09 16:05:06] Stage A full28_diagonal 816/1024 loss=0.611737
[2026-09-09 16:05:11] Stage A full28_diagonal 832/1024 loss=0.748137
[2026-09-09 16:05:15] Stage A full28_diagonal 848/1024 loss=0.650027
[2026-09-09 16:05:20] Stage A full28_diagonal 864/1024 loss=0.580686
[2026-09-09 16:05:25] Stage A full28_diagonal 880/1024 loss=0.625567
[2026-09-09 16:05:29] Stage A full28_diagonal 896/1024 loss=0.743602
[2026-09-09 16:05:32] Stage A full28_diagonal validation step=896 rep=0.717720
[2026-09-09 16:05:36] Stage A full28_diagonal 912/1024 loss=0.708492
[2026-09-09 16:05:41] Stage A full28_diagonal 928/1024 loss=0.659921
[2026-09-09 16:05:45] Stage A full28_diagonal 944/1024 loss=0.616144
[2026-09-09 16:05:50] Stage A full28_diagonal 960/1024 loss=0.723134
[2026-09-09 16:05:55] Stage A full28_diagonal 976/1024 loss=0.700415
[2026-09-09 16:06:00] Stage A full28_diagonal 992/1024 loss=0.652052
[2026-09-09 16:06:04] Stage A full28_diagonal 1008/1024 loss=0.580172
[2026-09-09 16:06:09] Stage A full28_diagonal 1024/1024 loss=0.771940
[2026-09-09 16:06:11] Stage A full28_diagonal validation step=1024 rep=0.711274
Loading weights:   0%|          | 0/398 [00:00<?, ?it/s]Loading weights:   0%|          | 1/398 [00:00<01:25,  4.62it/s]Loading weights:  34%|███▍      | 135/398 [00:00<00:00, 527.36it/s]Loading weights:  53%|█████▎    | 212/398 [00:00<00:00, 548.02it/s]Loading weights:  70%|███████   | 280/398 [00:00<00:00, 556.59it/s]Loading weights:  86%|████████▋ | 344/398 [00:00<00:00, 563.40it/s]Loading weights: 100%|██████████| 398/398 [00:00<00:00, 516.69it/s]
[2026-09-09 16:06:18] Sync Oracle teacher train: 32/1024
[2026-09-09 16:06:20] Sync Oracle teacher train: 64/1024
[2026-09-09 16:06:22] Sync Oracle teacher train: 96/1024
[2026-09-09 16:06:24] Sync Oracle teacher train: 128/1024
[2026-09-09 16:06:26] Sync Oracle teacher train: 160/1024
[2026-09-09 16:06:29] Sync Oracle teacher train: 192/1024
[2026-09-09 16:06:31] Sync Oracle teacher train: 224/1024
[2026-09-09 16:06:33] Sync Oracle teacher train: 256/1024
[2026-09-09 16:06:35] Sync Oracle teacher train: 288/1024
[2026-09-09 16:06:37] Sync Oracle teacher train: 320/1024
[2026-09-09 16:06:39] Sync Oracle teacher train: 352/1024
[2026-09-09 16:06:42] Sync Oracle teacher train: 384/1024
[2026-09-09 16:06:44] Sync Oracle teacher train: 416/1024
[2026-09-09 16:06:46] Sync Oracle teacher train: 448/1024
[2026-09-09 16:06:48] Sync Oracle teacher train: 480/1024
[2026-09-09 16:06:50] Sync Oracle teacher train: 512/1024
[2026-09-09 16:06:52] Sync Oracle teacher train: 544/1024
[2026-09-09 16:06:55] Sync Oracle teacher train: 576/1024
[2026-09-09 16:06:57] Sync Oracle teacher train: 608/1024
[2026-09-09 16:06:59] Sync Oracle teacher train: 640/1024
[2026-09-09 16:07:01] Sync Oracle teacher train: 672/1024
[2026-09-09 16:07:03] Sync Oracle teacher train: 704/1024
[2026-09-09 16:07:05] Sync Oracle teacher train: 736/1024
[2026-09-09 16:07:08] Sync Oracle teacher train: 768/1024
[2026-09-09 16:07:10] Sync Oracle teacher train: 800/1024
[2026-09-09 16:07:12] Sync Oracle teacher train: 832/1024
[2026-09-09 16:07:14] Sync Oracle teacher train: 864/1024
[2026-09-09 16:07:16] Sync Oracle teacher train: 896/1024
[2026-09-09 16:07:19] Sync Oracle teacher train: 928/1024
[2026-09-09 16:07:21] Sync Oracle teacher train: 960/1024
[2026-09-09 16:07:23] Sync Oracle teacher train: 992/1024
[2026-09-09 16:07:25] Sync Oracle teacher train: 1024/1024
[2026-09-09 16:07:27] Sync Oracle teacher validation: 32/128
[2026-09-09 16:07:29] Sync Oracle teacher validation: 64/128
[2026-09-09 16:07:32] Sync Oracle teacher validation: 96/128
[2026-09-09 16:07:34] Sync Oracle teacher validation: 128/128
[2026-09-09 16:07:36] Sync Oracle teacher test: 32/128
[2026-09-09 16:07:38] Sync Oracle teacher test: 64/128
[2026-09-09 16:07:41] Sync Oracle teacher test: 96/128
[2026-09-09 16:07:43] Sync Oracle teacher test: 128/128
[2026-09-09 16:07:58] Functional full28_diagonal step=128 acc=0.0781 choice_KL=1.712498
[2026-09-09 16:08:14] Functional full28_diagonal step=256 acc=0.0938 choice_KL=1.572905
[2026-09-09 16:08:29] Functional full28_diagonal step=384 acc=0.0859 choice_KL=1.509215
[2026-09-09 16:08:45] Functional full28_diagonal step=512 acc=0.1094 choice_KL=1.393073
[2026-09-09 16:09:01] Functional full28_diagonal step=640 acc=0.1719 choice_KL=1.348790
[2026-09-09 16:09:17] Functional full28_diagonal step=768 acc=0.0938 choice_KL=1.392309
[2026-09-09 16:09:32] Functional full28_diagonal step=896 acc=0.1016 choice_KL=1.222793
[2026-09-09 16:09:48] Functional full28_diagonal step=1024 acc=0.1094 choice_KL=1.115584
[2026-09-09 16:09:54] Test full28_diagonal: 16/128
[2026-09-09 16:09:56] Test full28_diagonal: 32/128
[2026-09-09 16:09:59] Test full28_diagonal: 48/128
[2026-09-09 16:10:01] Test full28_diagonal: 64/128
[2026-09-09 16:10:03] Test full28_diagonal: 80/128
[2026-09-09 16:10:06] Test full28_diagonal: 96/128
[2026-09-09 16:10:08] Test full28_diagonal: 112/128
[2026-09-09 16:10:11] Test full28_diagonal: 128/128
[2026-09-09 16:10:16] Test full28_diagonal: 16/128
[2026-09-09 16:10:18] Test full28_diagonal: 32/128
[2026-09-09 16:10:20] Test full28_diagonal: 48/128
[2026-09-09 16:10:22] Test full28_diagonal: 64/128
[2026-09-09 16:10:24] Test full28_diagonal: 80/128
[2026-09-09 16:10:26] Test full28_diagonal: 96/128
[2026-09-09 16:10:28] Test full28_diagonal: 112/128
[2026-09-09 16:10:30] Test full28_diagonal: 128/128
[2026-09-09 16:10:32] PHASE 1 ARCHITECTURE AUDIT COMPLETED
Loading weights:   0%|          | 0/398 [00:00<?, ?it/s]Loading weights:   0%|          | 1/398 [00:00<02:09,  3.06it/s]Loading weights:  37%|███▋      | 146/398 [00:00<00:00, 438.83it/s]Loading weights:  58%|█████▊    | 229/398 [00:00<00:00, 458.82it/s]Loading weights:  75%|███████▍  | 297/398 [00:00<00:00, 459.80it/s]Loading weights:  89%|████████▉ | 356/398 [00:00<00:00, 445.99it/s]Loading weights: 100%|██████████| 398/398 [00:00<00:00, 411.67it/s]
[2026-09-09 16:11:24] Stage B full28_diagonal_choice_kl 16/512 choice_KL=0.959641
[2026-09-09 16:12:12] Stage B full28_diagonal_choice_kl 32/512 choice_KL=0.657404
[2026-09-09 16:12:59] Stage B full28_diagonal_choice_kl 48/512 choice_KL=0.703715
[2026-09-09 16:13:49] Stage B full28_diagonal_choice_kl 64/512 choice_KL=0.692595
[2026-09-09 16:14:39] Stage B full28_diagonal_choice_kl 80/512 choice_KL=0.581069
[2026-09-09 16:15:31] Stage B full28_diagonal_choice_kl 96/512 choice_KL=0.583858
[2026-09-09 16:16:18] Stage B full28_diagonal_choice_kl 112/512 choice_KL=0.770684
[2026-09-09 16:17:06] Stage B full28_diagonal_choice_kl 128/512 choice_KL=0.814714
[2026-09-09 16:17:21] Stage B validation step=128 acc=0.1250 choice_KL=0.751541
[2026-09-09 16:18:07] Stage B full28_diagonal_choice_kl 144/512 choice_KL=0.726638
[2026-09-09 16:19:00] Stage B full28_diagonal_choice_kl 160/512 choice_KL=0.867301
[2026-09-09 16:19:46] Stage B full28_diagonal_choice_kl 176/512 choice_KL=0.527327
[2026-09-09 16:20:37] Stage B full28_diagonal_choice_kl 192/512 choice_KL=1.577617
[2026-09-09 16:21:25] Stage B full28_diagonal_choice_kl 208/512 choice_KL=0.406099
[2026-09-09 16:22:13] Stage B full28_diagonal_choice_kl 224/512 choice_KL=0.258912
[2026-09-09 16:23:02] Stage B full28_diagonal_choice_kl 240/512 choice_KL=0.590846
[2026-09-09 16:23:48] Stage B full28_diagonal_choice_kl 256/512 choice_KL=0.863940
[2026-09-09 16:24:05] Stage B validation step=256 acc=0.1250 choice_KL=0.771086
[2026-09-09 16:24:53] Stage B full28_diagonal_choice_kl 272/512 choice_KL=0.632526
[2026-09-09 16:25:43] Stage B full28_diagonal_choice_kl 288/512 choice_KL=0.548957
[2026-09-09 16:26:31] Stage B full28_diagonal_choice_kl 304/512 choice_KL=0.472481
[2026-09-09 16:27:18] Stage B full28_diagonal_choice_kl 320/512 choice_KL=0.217517
[2026-09-09 16:28:05] Stage B full28_diagonal_choice_kl 336/512 choice_KL=0.247885
[2026-09-09 16:28:52] Stage B full28_diagonal_choice_kl 352/512 choice_KL=0.503412
[2026-09-09 16:29:38] Stage B full28_diagonal_choice_kl 368/512 choice_KL=0.512141
[2026-09-09 16:30:24] Stage B full28_diagonal_choice_kl 384/512 choice_KL=0.484944
[2026-09-09 16:30:40] Stage B validation step=384 acc=0.1484 choice_KL=0.745139
[2026-09-09 16:31:29] Stage B full28_diagonal_choice_kl 400/512 choice_KL=0.318775
[2026-09-09 16:32:16] Stage B full28_diagonal_choice_kl 416/512 choice_KL=0.235729
[2026-09-09 16:33:02] Stage B full28_diagonal_choice_kl 432/512 choice_KL=0.355498
[2026-09-09 16:33:51] Stage B full28_diagonal_choice_kl 448/512 choice_KL=0.512692
[2026-09-09 16:34:40] Stage B full28_diagonal_choice_kl 464/512 choice_KL=0.367965
[2026-09-09 16:35:26] Stage B full28_diagonal_choice_kl 480/512 choice_KL=0.225384
[2026-09-09 16:36:15] Stage B full28_diagonal_choice_kl 496/512 choice_KL=0.546907
[2026-09-09 16:37:02] Stage B full28_diagonal_choice_kl 512/512 choice_KL=0.213877
[2026-09-09 16:37:18] Stage B validation step=512 acc=0.1406 choice_KL=0.898099
[2026-09-09 16:37:23] Test full28_diagonal: 16/128
[2026-09-09 16:37:25] Test full28_diagonal: 32/128
[2026-09-09 16:37:27] Test full28_diagonal: 48/128
[2026-09-09 16:37:28] Test full28_diagonal: 64/128
[2026-09-09 16:37:30] Test full28_diagonal: 80/128
[2026-09-09 16:37:32] Test full28_diagonal: 96/128
[2026-09-09 16:37:34] Test full28_diagonal: 112/128
[2026-09-09 16:37:36] Test full28_diagonal: 128/128
[2026-09-09 16:37:40] Test full28_diagonal: 16/128
[2026-09-09 16:37:42] Test full28_diagonal: 32/128
[2026-09-09 16:37:44] Test full28_diagonal: 48/128
[2026-09-09 16:37:46] Test full28_diagonal: 64/128
[2026-09-09 16:37:48] Test full28_diagonal: 80/128
[2026-09-09 16:37:50] Test full28_diagonal: 96/128
[2026-09-09 16:37:52] Test full28_diagonal: 112/128
[2026-09-09 16:37:54] Test full28_diagonal: 128/128
[2026-09-09 16:37:56] STAGE B SYNC FULL28 DIAGONAL CHOICE-KL COMPLETED
