Loading weights:   0%|          | 0/883 [00:00<?, ?it/s]Loading weights:  10%|█         | 92/883 [00:00<00:00, 912.87it/s]Loading weights:  21%|██        | 184/883 [00:00<00:00, 710.74it/s]Loading weights:  29%|██▉       | 258/883 [00:00<00:00, 679.29it/s]Loading weights:  37%|███▋      | 328/883 [00:00<00:00, 630.03it/s]Loading weights:  46%|████▌     | 406/883 [00:00<00:00, 654.43it/s]Loading weights:  70%|██████▉   | 616/883 [00:00<00:00, 1089.67it/s]Loading weights: 100%|██████████| 883/883 [00:00<00:00, 1112.12it/s]
Traceback (most recent call last):
  File "/home/yezhe/异构模型/openbookqa_b0_mixedhub_receiver_stageb_gemma_seed1234/experiment.py", line 535, in <module>
    main()
  File "/home/yezhe/异构模型/openbookqa_b0_mixedhub_receiver_stageb_gemma_seed1234/experiment.py", line 531, in main
    evaluate(cfg)
  File "/home/yezhe/data/miniconda3/envs/attnkv/lib/python3.10/site-packages/torch/utils/_contextlib.py", line 116, in decorate_context
    return func(*args, **kwargs)
  File "/home/yezhe/异构模型/openbookqa_b0_mixedhub_receiver_stageb_gemma_seed1234/experiment.py", line 445, in evaluate
    model = load_gemma(cfg)
  File "/home/yezhe/异构模型/openbookqa_b0_mixedhub_receiver_stageb_gemma_seed1234/experiment.py", line 69, in load_gemma
    model = model.cuda().eval().requires_grad_(False)
  File "/home/yezhe/data/miniconda3/envs/attnkv/lib/python3.10/site-packages/transformers/modeling_utils.py", line 3640, in cuda
    return super().cuda(*args, **kwargs)
  File "/home/yezhe/data/miniconda3/envs/attnkv/lib/python3.10/site-packages/torch/nn/modules/module.py", line 1050, in cuda
    return self._apply(lambda t: t.cuda(device))
  File "/home/yezhe/data/miniconda3/envs/attnkv/lib/python3.10/site-packages/torch/nn/modules/module.py", line 900, in _apply
    module._apply(fn)
  File "/home/yezhe/data/miniconda3/envs/attnkv/lib/python3.10/site-packages/torch/nn/modules/module.py", line 900, in _apply
    module._apply(fn)
  File "/home/yezhe/data/miniconda3/envs/attnkv/lib/python3.10/site-packages/torch/nn/modules/module.py", line 900, in _apply
    module._apply(fn)
  [Previous line repeated 3 more times]
  File "/home/yezhe/data/miniconda3/envs/attnkv/lib/python3.10/site-packages/torch/nn/modules/module.py", line 927, in _apply
    param_applied = fn(param)
  File "/home/yezhe/data/miniconda3/envs/attnkv/lib/python3.10/site-packages/torch/nn/modules/module.py", line 1050, in <lambda>
    return self._apply(lambda t: t.cuda(device))
torch.OutOfMemoryError: CUDA out of memory. Tried to allocate 100.00 MiB. GPU 0 has a total capacity of 31.74 GiB of which 8.50 MiB is free. Process 4104479 has 11.52 MiB memory in use. Process 2195344 has 20.95 GiB memory in use. Process 2198809 has 10.76 GiB memory in use. Of the allocated memory 10.45 GiB is allocated by PyTorch, and 10.76 MiB is reserved by PyTorch but unallocated. If reserved but unallocated memory is large try setting PYTORCH_CUDA_ALLOC_CONF=expandable_segments:True to avoid fragmentation.  See documentation for Memory Management  (https://pytorch.org/docs/stable/notes/cuda.html#environment-variables)
[2026-09-17 14:23:08] Waiting for GPU: used=21476 MiB, threshold=2000 MiB
[2026-09-17 14:24:08] Waiting for GPU: used=21476 MiB, threshold=2000 MiB
[2026-09-17 14:25:08] Waiting for GPU: used=21988 MiB, threshold=2000 MiB
[2026-09-17 14:26:08] Waiting for GPU: used=21988 MiB, threshold=2000 MiB
[2026-09-17 14:27:08] Waiting for GPU: used=21988 MiB, threshold=2000 MiB
[2026-09-17 14:28:08] Waiting for GPU: used=21988 MiB, threshold=2000 MiB
[2026-09-17 14:29:08] Waiting for GPU: used=21988 MiB, threshold=2000 MiB
[2026-09-17 14:30:08] Waiting for GPU: used=21988 MiB, threshold=2000 MiB
[2026-09-17 14:31:08] Waiting for GPU: used=21988 MiB, threshold=2000 MiB
[2026-09-17 14:32:08] Waiting for GPU: used=21988 MiB, threshold=2000 MiB
[2026-09-17 14:33:08] Waiting for GPU: used=21988 MiB, threshold=2000 MiB
[2026-09-17 14:34:08] Waiting for GPU: used=21988 MiB, threshold=2000 MiB
[2026-09-17 14:35:08] Waiting for GPU: used=21988 MiB, threshold=2000 MiB
[2026-09-17 14:36:08] Waiting for GPU: used=21988 MiB, threshold=2000 MiB
[2026-09-17 14:37:09] Waiting for GPU: used=21988 MiB, threshold=2000 MiB
[2026-09-17 14:38:09] Waiting for GPU: used=21988 MiB, threshold=2000 MiB
[2026-09-17 14:39:09] Waiting for GPU: used=21988 MiB, threshold=2000 MiB
[2026-09-17 14:40:09] Waiting for GPU: used=21988 MiB, threshold=2000 MiB
[2026-09-17 14:41:09] Waiting for GPU: used=21988 MiB, threshold=2000 MiB
[2026-09-17 14:42:09] Waiting for GPU: used=21988 MiB, threshold=2000 MiB
[2026-09-17 14:43:09] Waiting for GPU: used=21988 MiB, threshold=2000 MiB
[2026-09-17 14:44:09] Waiting for GPU: used=21988 MiB, threshold=2000 MiB
[2026-09-17 14:45:09] Waiting for GPU: used=21988 MiB, threshold=2000 MiB
[2026-09-17 14:46:09] Waiting for GPU: used=21988 MiB, threshold=2000 MiB
[2026-09-17 14:47:09] Waiting for GPU: used=21988 MiB, threshold=2000 MiB
[2026-09-17 14:48:09] Waiting for GPU: used=21988 MiB, threshold=2000 MiB
[2026-09-17 14:49:09] Waiting for GPU: used=21988 MiB, threshold=2000 MiB
[2026-09-17 14:50:09] Waiting for GPU: used=21988 MiB, threshold=2000 MiB
[2026-09-17 14:51:09] Waiting for GPU: used=21988 MiB, threshold=2000 MiB
[2026-09-17 14:52:09] Waiting for GPU: used=21988 MiB, threshold=2000 MiB
[2026-09-17 14:53:09] Waiting for GPU: used=21988 MiB, threshold=2000 MiB
[2026-09-17 14:54:09] Waiting for GPU: used=21988 MiB, threshold=2000 MiB
[2026-09-17 14:55:09] Waiting for GPU: used=21988 MiB, threshold=2000 MiB
[2026-09-17 14:56:09] Waiting for GPU: used=21988 MiB, threshold=2000 MiB
[2026-09-17 14:57:09] Waiting for GPU: used=21988 MiB, threshold=2000 MiB
[2026-09-17 14:58:09] Waiting for GPU: used=21988 MiB, threshold=2000 MiB
[2026-09-17 14:59:09] Waiting for GPU: used=21988 MiB, threshold=2000 MiB
[2026-09-17 15:00:09] Waiting for GPU: used=21988 MiB, threshold=2000 MiB
[2026-09-17 15:01:09] Waiting for GPU: used=21988 MiB, threshold=2000 MiB
[2026-09-17 15:02:09] Waiting for GPU: used=21988 MiB, threshold=2000 MiB
[2026-09-17 15:03:09] Waiting for GPU: used=21988 MiB, threshold=2000 MiB
[2026-09-17 15:04:09] Waiting for GPU: used=21988 MiB, threshold=2000 MiB
[2026-09-17 15:05:09] Waiting for GPU: used=21988 MiB, threshold=2000 MiB
[2026-09-17 15:06:09] Waiting for GPU: used=21988 MiB, threshold=2000 MiB
[2026-09-17 15:07:09] Waiting for GPU: used=21988 MiB, threshold=2000 MiB
[2026-09-17 15:08:09] Waiting for GPU: used=21988 MiB, threshold=2000 MiB
[2026-09-17 15:09:09] Waiting for GPU: used=21988 MiB, threshold=2000 MiB
[2026-09-17 15:10:10] Waiting for GPU: used=21988 MiB, threshold=2000 MiB
[2026-09-17 15:11:10] Waiting for GPU: used=21988 MiB, threshold=2000 MiB
[2026-09-17 15:12:10] Waiting for GPU: used=21988 MiB, threshold=2000 MiB
[2026-09-17 15:13:10] Waiting for GPU: used=21988 MiB, threshold=2000 MiB
[2026-09-17 15:14:10] Waiting for GPU: used=21988 MiB, threshold=2000 MiB
[2026-09-17 15:15:10] Waiting for GPU: used=21988 MiB, threshold=2000 MiB
[2026-09-17 15:16:10] Waiting for GPU: used=21988 MiB, threshold=2000 MiB
[2026-09-17 15:17:10] Waiting for GPU: used=21988 MiB, threshold=2000 MiB
[2026-09-17 15:18:10] Waiting for GPU: used=21988 MiB, threshold=2000 MiB
[2026-09-17 15:19:10] Waiting for GPU: used=21988 MiB, threshold=2000 MiB
[2026-09-17 15:20:10] Waiting for GPU: used=21988 MiB, threshold=2000 MiB
[2026-09-17 15:21:10] Waiting for GPU: used=21988 MiB, threshold=2000 MiB
[2026-09-17 15:22:10] Waiting for GPU: used=21988 MiB, threshold=2000 MiB
[2026-09-17 15:23:10] Waiting for GPU: used=21988 MiB, threshold=2000 MiB
[2026-09-17 15:24:10] Waiting for GPU: used=21988 MiB, threshold=2000 MiB
[2026-09-17 15:25:10] Waiting for GPU: used=21988 MiB, threshold=2000 MiB
[2026-09-17 15:26:10] Waiting for GPU: used=21988 MiB, threshold=2000 MiB
[2026-09-17 15:27:10] Waiting for GPU: used=21988 MiB, threshold=2000 MiB
[2026-09-17 15:28:10] Waiting for GPU: used=21988 MiB, threshold=2000 MiB
[2026-09-17 15:29:10] Waiting for GPU: used=21988 MiB, threshold=2000 MiB
[2026-09-17 15:30:10] Waiting for GPU: used=21988 MiB, threshold=2000 MiB
[2026-09-17 15:31:10] Waiting for GPU: used=21988 MiB, threshold=2000 MiB
[2026-09-17 15:32:10] Waiting for GPU: used=21988 MiB, threshold=2000 MiB
[2026-09-17 15:33:10] Waiting for GPU: used=21988 MiB, threshold=2000 MiB
[2026-09-17 15:34:10] Waiting for GPU: used=21988 MiB, threshold=2000 MiB
[2026-09-17 15:35:10] Waiting for GPU: used=21988 MiB, threshold=2000 MiB
[2026-09-17 15:36:10] Waiting for GPU: used=21988 MiB, threshold=2000 MiB
[2026-09-17 15:37:10] Waiting for GPU: used=21988 MiB, threshold=2000 MiB
[2026-09-17 15:38:10] Waiting for GPU: used=21988 MiB, threshold=2000 MiB
[2026-09-17 15:39:10] Waiting for GPU: used=21988 MiB, threshold=2000 MiB
[2026-09-17 15:40:10] Waiting for GPU: used=21988 MiB, threshold=2000 MiB
[2026-09-17 15:41:10] Waiting for GPU: used=21988 MiB, threshold=2000 MiB
[2026-09-17 15:42:11] Waiting for GPU: used=21988 MiB, threshold=2000 MiB
[2026-09-17 15:43:11] Waiting for GPU: used=21988 MiB, threshold=2000 MiB
[2026-09-17 15:44:11] Waiting for GPU: used=21988 MiB, threshold=2000 MiB
[2026-09-17 15:45:11] Waiting for GPU: used=21988 MiB, threshold=2000 MiB
[2026-09-17 15:46:11] Waiting for GPU: used=21988 MiB, threshold=2000 MiB
[2026-09-17 15:47:11] Waiting for GPU: used=21988 MiB, threshold=2000 MiB
[2026-09-17 15:48:11] Waiting for GPU: used=21988 MiB, threshold=2000 MiB
[2026-09-17 15:49:11] Waiting for GPU: used=21988 MiB, threshold=2000 MiB
[2026-09-17 15:50:11] Waiting for GPU: used=21988 MiB, threshold=2000 MiB
[2026-09-17 15:51:11] Waiting for GPU: used=21988 MiB, threshold=2000 MiB
[2026-09-17 15:52:11] Waiting for GPU: used=21988 MiB, threshold=2000 MiB
[2026-09-17 15:53:11] Waiting for GPU: used=21988 MiB, threshold=2000 MiB
[2026-09-17 15:54:11] Waiting for GPU: used=21988 MiB, threshold=2000 MiB
[2026-09-17 15:55:11] Waiting for GPU: used=21988 MiB, threshold=2000 MiB
[2026-09-17 15:56:11] Waiting for GPU: used=21988 MiB, threshold=2000 MiB
[2026-09-17 15:57:11] Waiting for GPU: used=21988 MiB, threshold=2000 MiB
[2026-09-17 15:58:11] Waiting for GPU: used=21988 MiB, threshold=2000 MiB
[2026-09-17 15:59:11] Waiting for GPU: used=21988 MiB, threshold=2000 MiB
[2026-09-17 16:00:11] Waiting for GPU: used=21988 MiB, threshold=2000 MiB
[2026-09-17 16:01:11] Waiting for GPU: used=21988 MiB, threshold=2000 MiB
[2026-09-17 16:02:11] Waiting for GPU: used=21988 MiB, threshold=2000 MiB
[2026-09-17 16:03:11] Waiting for GPU: used=21988 MiB, threshold=2000 MiB
[2026-09-17 16:04:11] Waiting for GPU: used=21988 MiB, threshold=2000 MiB
[2026-09-17 16:05:11] Waiting for GPU: used=21988 MiB, threshold=2000 MiB
[2026-09-17 16:06:11] Waiting for GPU: used=21988 MiB, threshold=2000 MiB
[2026-09-17 16:07:11] Waiting for GPU: used=21988 MiB, threshold=2000 MiB
[2026-09-17 16:08:11] Waiting for GPU: used=21988 MiB, threshold=2000 MiB
[2026-09-17 16:09:11] Waiting for GPU: used=21988 MiB, threshold=2000 MiB
[2026-09-17 16:10:11] Waiting for GPU: used=21988 MiB, threshold=2000 MiB
[2026-09-17 16:11:11] Waiting for GPU: used=21988 MiB, threshold=2000 MiB
[2026-09-17 16:12:11] Waiting for GPU: used=21988 MiB, threshold=2000 MiB
[2026-09-17 16:13:11] Waiting for GPU: used=21988 MiB, threshold=2000 MiB
[2026-09-17 16:14:11] Waiting for GPU: used=21988 MiB, threshold=2000 MiB
[2026-09-17 16:15:12] Waiting for GPU: used=21988 MiB, threshold=2000 MiB
[2026-09-17 16:16:12] Waiting for GPU: used=21988 MiB, threshold=2000 MiB
[2026-09-17 16:17:12] Waiting for GPU: used=21988 MiB, threshold=2000 MiB
[2026-09-17 16:18:12] Waiting for GPU: used=21988 MiB, threshold=2000 MiB
[2026-09-17 16:19:12] Waiting for GPU: used=21988 MiB, threshold=2000 MiB
[2026-09-17 16:20:12] Waiting for GPU: used=21988 MiB, threshold=2000 MiB
[2026-09-17 16:21:12] Waiting for GPU: used=21988 MiB, threshold=2000 MiB
[2026-09-17 16:22:12] Waiting for GPU: used=21988 MiB, threshold=2000 MiB
[2026-09-17 16:23:12] Waiting for GPU: used=21988 MiB, threshold=2000 MiB
[2026-09-17 16:24:12] Waiting for GPU: used=21988 MiB, threshold=2000 MiB
[2026-09-17 16:25:12] Waiting for GPU: used=21988 MiB, threshold=2000 MiB
[2026-09-17 16:26:12] Waiting for GPU: used=21988 MiB, threshold=2000 MiB
[2026-09-17 16:27:12] Waiting for GPU: used=21988 MiB, threshold=2000 MiB
[2026-09-17 16:28:12] Waiting for GPU: used=21988 MiB, threshold=2000 MiB
[2026-09-17 16:29:12] Waiting for GPU: used=21988 MiB, threshold=2000 MiB
[2026-09-17 16:30:12] Waiting for GPU: used=21988 MiB, threshold=2000 MiB
[2026-09-17 16:31:12] Waiting for GPU: used=21988 MiB, threshold=2000 MiB
[2026-09-17 16:32:12] Waiting for GPU: used=21988 MiB, threshold=2000 MiB
[2026-09-17 16:33:12] Waiting for GPU: used=21988 MiB, threshold=2000 MiB
[2026-09-17 16:34:12] Waiting for GPU: used=21988 MiB, threshold=2000 MiB
[2026-09-17 16:35:12] Waiting for GPU: used=21988 MiB, threshold=2000 MiB
[2026-09-17 16:36:12] Waiting for GPU: used=21988 MiB, threshold=2000 MiB
[2026-09-17 16:37:12] Waiting for GPU: used=21988 MiB, threshold=2000 MiB
[2026-09-17 16:38:12] Waiting for GPU: used=21988 MiB, threshold=2000 MiB
[2026-09-17 16:39:12] Waiting for GPU: used=21988 MiB, threshold=2000 MiB
[2026-09-17 16:40:12] Waiting for GPU: used=21988 MiB, threshold=2000 MiB
[2026-09-17 16:41:12] Waiting for GPU: used=21988 MiB, threshold=2000 MiB
[2026-09-17 16:42:12] Waiting for GPU: used=21988 MiB, threshold=2000 MiB
[2026-09-17 16:43:12] Waiting for GPU: used=21988 MiB, threshold=2000 MiB
[2026-09-17 16:44:12] Waiting for GPU: used=21988 MiB, threshold=2000 MiB
[2026-09-17 16:45:12] Waiting for GPU: used=21988 MiB, threshold=2000 MiB
[2026-09-17 16:46:12] Waiting for GPU: used=21988 MiB, threshold=2000 MiB
[2026-09-17 16:47:12] Waiting for GPU: used=21988 MiB, threshold=2000 MiB
[2026-09-17 16:48:13] Waiting for GPU: used=21988 MiB, threshold=2000 MiB
[2026-09-17 16:49:13] Waiting for GPU: used=21988 MiB, threshold=2000 MiB
[2026-09-17 16:50:13] Waiting for GPU: used=21988 MiB, threshold=2000 MiB
[2026-09-17 16:51:13] Waiting for GPU: used=21988 MiB, threshold=2000 MiB
[2026-09-17 16:52:13] Waiting for GPU: used=21988 MiB, threshold=2000 MiB
[2026-09-17 16:53:13] Waiting for GPU: used=21988 MiB, threshold=2000 MiB
[2026-09-17 16:54:13] Waiting for GPU: used=21988 MiB, threshold=2000 MiB
[2026-09-17 16:55:13] Waiting for GPU: used=21988 MiB, threshold=2000 MiB
[2026-09-17 16:56:13] Waiting for GPU: used=21988 MiB, threshold=2000 MiB
[2026-09-17 16:57:13] Waiting for GPU: used=21988 MiB, threshold=2000 MiB
[2026-09-17 16:58:13] Waiting for GPU: used=21988 MiB, threshold=2000 MiB
[2026-09-17 16:59:13] Waiting for GPU: used=21988 MiB, threshold=2000 MiB
[2026-09-17 17:00:13] Waiting for GPU: used=21988 MiB, threshold=2000 MiB
[2026-09-17 17:01:13] Waiting for GPU: used=21988 MiB, threshold=2000 MiB
[2026-09-17 17:02:13] Waiting for GPU: used=21988 MiB, threshold=2000 MiB
[2026-09-17 17:03:13] Waiting for GPU: used=21988 MiB, threshold=2000 MiB
[2026-09-17 17:04:13] Waiting for GPU: used=21988 MiB, threshold=2000 MiB
[2026-09-17 17:05:13] Waiting for GPU: used=21988 MiB, threshold=2000 MiB
[2026-09-17 17:06:13] Waiting for GPU: used=21988 MiB, threshold=2000 MiB
[2026-09-17 17:07:13] Waiting for GPU: used=21988 MiB, threshold=2000 MiB
[2026-09-17 17:08:13] Waiting for GPU: used=21988 MiB, threshold=2000 MiB
[2026-09-17 17:09:13] Waiting for GPU: used=21988 MiB, threshold=2000 MiB
[2026-09-17 17:10:13] Waiting for GPU: used=21988 MiB, threshold=2000 MiB
[2026-09-17 17:11:13] Waiting for GPU: used=21988 MiB, threshold=2000 MiB
[2026-09-17 17:12:13] Waiting for GPU: used=21988 MiB, threshold=2000 MiB
[2026-09-17 17:13:13] Waiting for GPU: used=21988 MiB, threshold=2000 MiB
[2026-09-17 17:14:13] Waiting for GPU: used=21988 MiB, threshold=2000 MiB
[2026-09-17 17:15:13] Waiting for GPU: used=21988 MiB, threshold=2000 MiB
[2026-09-17 17:16:13] Waiting for GPU: used=21988 MiB, threshold=2000 MiB
[2026-09-17 17:17:13] Waiting for GPU: used=21988 MiB, threshold=2000 MiB
[2026-09-17 17:18:13] Waiting for GPU: used=21988 MiB, threshold=2000 MiB
[2026-09-17 17:19:13] Waiting for GPU: used=21988 MiB, threshold=2000 MiB
[2026-09-17 17:20:13] Waiting for GPU: used=21988 MiB, threshold=2000 MiB
[2026-09-17 17:21:14] Waiting for GPU: used=21988 MiB, threshold=2000 MiB
[2026-09-17 17:22:14] Waiting for GPU: used=21988 MiB, threshold=2000 MiB
[2026-09-17 17:23:14] Waiting for GPU: used=21988 MiB, threshold=2000 MiB
[2026-09-17 17:24:14] Waiting for GPU: used=21990 MiB, threshold=2000 MiB
[2026-09-17 17:25:14] Waiting for GPU: used=21990 MiB, threshold=2000 MiB
[2026-09-17 17:26:14] Waiting for GPU: used=21990 MiB, threshold=2000 MiB
[2026-09-17 17:27:14] GPU available; starting evaluate only
Loading weights:   0%|          | 0/883 [00:00<?, ?it/s]Loading weights:   6%|▋         | 57/883 [00:00<00:01, 557.40it/s]Loading weights:  15%|█▌        | 134/883 [00:00<00:01, 674.96it/s]Loading weights:  23%|██▎       | 202/883 [00:00<00:01, 638.09it/s]Loading weights:  30%|███       | 267/883 [00:00<00:01, 611.30it/s]Loading weights:  37%|███▋      | 329/883 [00:00<00:00, 588.56it/s]Loading weights:  44%|████▍     | 390/883 [00:00<00:00, 595.00it/s]Loading weights:  55%|█████▌    | 487/883 [00:00<00:00, 706.57it/s]Loading weights:  88%|████████▊ | 777/883 [00:00<00:00, 1376.58it/s]Loading weights: 100%|██████████| 883/883 [00:00<00:00, 1001.25it/s]
[2026-09-17 17:27:46] B0 final evaluation 16/128
[2026-09-17 17:27:56] B0 final evaluation 32/128
[2026-09-17 17:28:05] B0 final evaluation 48/128
[2026-09-17 17:28:15] B0 final evaluation 64/128
[2026-09-17 17:28:25] B0 final evaluation 80/128
[2026-09-17 17:28:34] B0 final evaluation 96/128
[2026-09-17 17:28:44] B0 final evaluation 112/128
[2026-09-17 17:28:53] B0 final evaluation 128/128
{
  "llama_new_minus_stage_a": 0.0234375,
  "llama_new_minus_old": 0.0234375,
  "qwen_new_minus_stage_a": 0.03125,
  "qwen_new_minus_old": 0.0234375
}
